[W520 23:20:36.847546601 Utils.hpp:135] Warning: Environment variable NCCL_ASYNC_ERROR_HANDLING is deprecated; use TORCH_NCCL_ASYNC_ERROR_HANDLING instead (function operator())
[W520 23:20:36.847557609 Utils.hpp:135] Warning: Environment variable NCCL_ASYNC_ERROR_HANDLING is deprecated; use TORCH_NCCL_ASYNC_ERROR_HANDLING instead (function operator())
[rank1]:[W520 23:20:36.991074411 ProcessGroupNCCL.cpp:4115] [PG ID 0 PG GUID 0 Rank 1]  using GPU 1 to perform barrier as devices used by this process are currently unknown. This can potentially cause a hang if this rank to GPU mapping is incorrect.Specify device_ids in barrier() to force use of a particular device,or call init_process_group() with a device_id.
[rank0]:[W520 23:20:36.991146846 ProcessGroupNCCL.cpp:4115] [PG ID 0 PG GUID 0 Rank 0]  using GPU 0 to perform barrier as devices used by this process are currently unknown. This can potentially cause a hang if this rank to GPU mapping is incorrect.Specify device_ids in barrier() to force use of a particular device,or call init_process_group() with a device_id.
[rank0]:[W520 23:20:40.583990618 Utils.hpp:110] Warning: Environment variable NCCL_ASYNC_ERROR_HANDLING is deprecated; use TORCH_NCCL_ASYNC_ERROR_HANDLING instead (function operator())
[rank1]:[W520 23:20:40.584043049 Utils.hpp:110] Warning: Environment variable NCCL_ASYNC_ERROR_HANDLING is deprecated; use TORCH_NCCL_ASYNC_ERROR_HANDLING instead (function operator())
/home/porpigli/gator/gator/utils/misc.py:250: FutureWarning: `torch.cuda.amp.GradScaler(args...)` is deprecated. Please use `torch.amp.GradScaler('cuda', args...)` instead.
  self._scaler = torch.cuda.amp.GradScaler(enabled=enabled)
/home/porpigli/gator/gator/utils/misc.py:250: FutureWarning: `torch.cuda.amp.GradScaler(args...)` is deprecated. Please use `torch.amp.GradScaler('cuda', args...)` instead.
  self._scaler = torch.cuda.amp.GradScaler(enabled=enabled)
/home/porpigli/gator/gator/stereoflow/engine.py:61: FutureWarning: `torch.cuda.amp.autocast(args...)` is deprecated. Please use `torch.amp.autocast('cuda', args...)` instead.
  with torch.cuda.amp.autocast(enabled=bool(args.amp)):
[rank1]:[W520 23:20:45.352124684 reducer.cpp:327] Warning: Grad strides do not match bucket view strides. This may indicate grad was not created according to the gradient layout contract, or that the param's strides changed since DDP was constructed.  This is not an error, but may impair performance.
grad.sizes() = [256, 256, 1, 1], strides() = [256, 1, 256, 256]
bucket_view.sizes() = [256, 256, 1, 1], strides() = [256, 1, 1, 1] (function operator())
wandb: [wandb.login()] Loaded credentials for https://api.wandb.ai from /home/porpigli/.netrc.
wandb: Currently logged in as: giacomo-porpiglia (giacomo-porpiglia-epfl) to https://api.wandb.ai. Use `wandb login --relogin` to force relogin
[rank0]: Traceback (most recent call last):
[rank0]:   File "/home/porpigli/gator/gator/stereoflow/train.py", line 331, in <module>
[rank0]:     main(args)
[rank0]:   File "/home/porpigli/gator/gator/stereoflow/train.py", line 226, in main
[rank0]:     wandb_run = wandb.init(
[rank0]:                 ^^^^^^^^^^^
[rank0]:   File "/home/porpigli/gator/.venv/lib/python3.12/site-packages/wandb/sdk/wandb_init.py", line 1595, in init
[rank0]:     get_sentry().reraise(e)
[rank0]:   File "/home/porpigli/gator/.venv/lib/python3.12/site-packages/wandb/analytics/sentry.py", line 190, in reraise
[rank0]:     raise exc.with_traceback(tb)
[rank0]:   File "/home/porpigli/gator/.venv/lib/python3.12/site-packages/wandb/sdk/wandb_init.py", line 1578, in init
[rank0]:     run = wi.init(run_settings, run_config, run_printer)
[rank0]:           ^^^^^^^^^^^^^^^^^^^^^^^^^^^^^^^^^^^^^^^^^^^^^^
[rank0]:   File "/home/porpigli/gator/.venv/lib/python3.12/site-packages/wandb/sdk/wandb_init.py", line 894, in init
[rank0]:     service = self._wl.ensure_service()
[rank0]:               ^^^^^^^^^^^^^^^^^^^^^^^^^
[rank0]:   File "/home/porpigli/gator/.venv/lib/python3.12/site-packages/wandb/sdk/wandb_setup.py", line 387, in ensure_service
[rank0]:     self._connection = service_connection.connect_to_service(
[rank0]:                        ^^^^^^^^^^^^^^^^^^^^^^^^^^^^^^^^^^^^^^
[rank0]:   File "/home/porpigli/gator/.venv/lib/python3.12/site-packages/wandb/sdk/lib/service/service_connection.py", line 51, in connect_to_service
[rank0]:     return _start_and_connect_service(asyncer, settings)
[rank0]:            ^^^^^^^^^^^^^^^^^^^^^^^^^^^^^^^^^^^^^^^^^^^^^
[rank0]:   File "/home/porpigli/gator/.venv/lib/python3.12/site-packages/wandb/sdk/lib/service/service_connection.py", line 64, in _start_and_connect_service
[rank0]:     proc = service_process.start(settings)
[rank0]:            ^^^^^^^^^^^^^^^^^^^^^^^^^^^^^^^
[rank0]:   File "/home/porpigli/gator/.venv/lib/python3.12/site-packages/wandb/sdk/lib/service/service_process.py", line 35, in start
[rank0]:     get_sentry().reraise(e)
[rank0]:   File "/home/porpigli/gator/.venv/lib/python3.12/site-packages/wandb/analytics/sentry.py", line 190, in reraise
[rank0]:     raise exc.with_traceback(tb)
[rank0]:   File "/home/porpigli/gator/.venv/lib/python3.12/site-packages/wandb/sdk/lib/service/service_process.py", line 33, in start
[rank0]:     return _launch_server(settings)
[rank0]:            ^^^^^^^^^^^^^^^^^^^^^^^^
[rank0]:   File "/home/porpigli/gator/.venv/lib/python3.12/site-packages/wandb/sdk/lib/service/service_process.py", line 105, in _launch_server
[rank0]:     token = service_port_file.poll_for_token(
[rank0]:             ^^^^^^^^^^^^^^^^^^^^^^^^^^^^^^^^^
[rank0]:   File "/home/porpigli/gator/.venv/lib/python3.12/site-packages/wandb/sdk/lib/service/service_port_file.py", line 63, in poll_for_token
[rank0]:     raise ServicePollForTokenError(
[rank0]: wandb.sdk.lib.service.service_port_file.ServicePollForTokenError: Failed to read port info after 30.0 seconds.
[rank0]:[W520 23:22:43.789759807 ProcessGroupNCCL.cpp:1250] Warning: WARNING: process group has NOT been destroyed before we destruct ProcessGroupNCCL. On normal program exit, the application should call destroy_process_group to ensure that any pending NCCL operations have finished in this process. In rare cases this process can exit before this point and block the progress of another member of the process group. This constraint has always been present,  but this warning has only been added since PyTorch 2.4 (function operator())
W0520 23:22:44.486000 524937 torch/distributed/elastic/multiprocessing/api.py:897] Sending process 524959 closing signal SIGTERM
E0520 23:22:44.863000 524937 torch/distributed/elastic/multiprocessing/api.py:869] failed (exitcode: 1) local_rank: 0 (pid: 524958) of binary: /home/porpigli/gator/.venv/bin/python3
Traceback (most recent call last):
  File "/home/porpigli/gator/.venv/bin/torchrun", line 10, in <module>
    sys.exit(main())
             ^^^^^^
  File "/home/porpigli/gator/.venv/lib/python3.12/site-packages/torch/distributed/elastic/multiprocessing/errors/__init__.py", line 355, in wrapper
    return f(*args, **kwargs)
           ^^^^^^^^^^^^^^^^^^
  File "/home/porpigli/gator/.venv/lib/python3.12/site-packages/torch/distributed/run.py", line 919, in main
    run(args)
  File "/home/porpigli/gator/.venv/lib/python3.12/site-packages/torch/distributed/run.py", line 910, in run
    elastic_launch(
  File "/home/porpigli/gator/.venv/lib/python3.12/site-packages/torch/distributed/launcher/api.py", line 138, in __call__
    return launch_agent(self._config, self._entrypoint, list(args))
           ^^^^^^^^^^^^^^^^^^^^^^^^^^^^^^^^^^^^^^^^^^^^^^^^^^^^^^^^
  File "/home/porpigli/gator/.venv/lib/python3.12/site-packages/torch/distributed/launcher/api.py", line 269, in launch_agent
    raise ChildFailedError(
torch.distributed.elastic.multiprocessing.errors.ChildFailedError: 
============================================================
stereoflow/train.py FAILED
------------------------------------------------------------
Failures:
  <NO_OTHER_FAILURES>
------------------------------------------------------------
Root Cause (first observed failure):
[0]:
  time      : 2026-05-20_23:22:44
  host      : i33.izar.cluster
  rank      : 0 (local_rank: 0)
  exitcode  : 1 (pid: 524958)
  error_file: <N/A>
  traceback : To enable traceback see: https://pytorch.org/docs/stable/elastic/errors.html
============================================================
