SLURM_JOB_ID=2939892
HOSTNAME=i33
NUM_GPUS=2
OUTPUT_DIR=./checkpoints/mae-small-001-24hrs_2939892
Warning, cannot find cuda-compiled version of RoPE2D, using a slow pytorch version instead
Warning, cannot find cuda-compiled version of RoPE2D, using a slow pytorch version instead
| distributed init (rank 1): env://, gpu 1| distributed init (rank 0): env://, gpu 0

[23:20:36.925232] output_dir: ./checkpoints/mae-small-001-24hrs_2939892
[23:20:36.960054] Criterion:  LaplacianLossBounded()
[23:20:39.962381] Building head PixelwiseTaskWithDPT() with 3 channel(s)
[23:20:39.962595] OneView (mae) config: MAEConfig(num_register_tokens=4, patch_size=16, image_size=224, enc_emb_dim=384, enc_depth=12, enc_num_heads=6, mlp_ratio=4.0, fused_attn=True, rope_freq=100.0, dec_emb_dim=192, dec_depth=8, dec_num_heads=3, mask_ratio=(0.75, 0.75))
[23:20:40.109620]   PixelwiseTaskWithDPT: automatically setting hook_idxs=[11, 15, 19, 23]
[23:20:40.249378] _IncompatibleKeys(missing_keys=['head.dpt.scratch.layer1_rn.weight', 'head.dpt.scratch.layer2_rn.weight', 'head.dpt.scratch.layer3_rn.weight', 'head.dpt.scratch.layer4_rn.weight', 'head.dpt.scratch.layer_rn.0.weight', 'head.dpt.scratch.layer_rn.1.weight', 'head.dpt.scratch.layer_rn.2.weight', 'head.dpt.scratch.layer_rn.3.weight', 'head.dpt.scratch.refinenet1.out_conv.weight', 'head.dpt.scratch.refinenet1.out_conv.bias', 'head.dpt.scratch.refinenet1.resConfUnit1.conv1.weight', 'head.dpt.scratch.refinenet1.resConfUnit1.conv1.bias', 'head.dpt.scratch.refinenet1.resConfUnit1.conv2.weight', 'head.dpt.scratch.refinenet1.resConfUnit1.conv2.bias', 'head.dpt.scratch.refinenet1.resConfUnit2.conv1.weight', 'head.dpt.scratch.refinenet1.resConfUnit2.conv1.bias', 'head.dpt.scratch.refinenet1.resConfUnit2.conv2.weight', 'head.dpt.scratch.refinenet1.resConfUnit2.conv2.bias', 'head.dpt.scratch.refinenet2.out_conv.weight', 'head.dpt.scratch.refinenet2.out_conv.bias', 'head.dpt.scratch.refinenet2.resConfUnit1.conv1.weight', 'head.dpt.scratch.refinenet2.resConfUnit1.conv1.bias', 'head.dpt.scratch.refinenet2.resConfUnit1.conv2.weight', 'head.dpt.scratch.refinenet2.resConfUnit1.conv2.bias', 'head.dpt.scratch.refinenet2.resConfUnit2.conv1.weight', 'head.dpt.scratch.refinenet2.resConfUnit2.conv1.bias', 'head.dpt.scratch.refinenet2.resConfUnit2.conv2.weight', 'head.dpt.scratch.refinenet2.resConfUnit2.conv2.bias', 'head.dpt.scratch.refinenet3.out_conv.weight', 'head.dpt.scratch.refinenet3.out_conv.bias', 'head.dpt.scratch.refinenet3.resConfUnit1.conv1.weight', 'head.dpt.scratch.refinenet3.resConfUnit1.conv1.bias', 'head.dpt.scratch.refinenet3.resConfUnit1.conv2.weight', 'head.dpt.scratch.refinenet3.resConfUnit1.conv2.bias', 'head.dpt.scratch.refinenet3.resConfUnit2.conv1.weight', 'head.dpt.scratch.refinenet3.resConfUnit2.conv1.bias', 'head.dpt.scratch.refinenet3.resConfUnit2.conv2.weight', 'head.dpt.scratch.refinenet3.resConfUnit2.conv2.bias', 'head.dpt.scratch.refinenet4.out_conv.weight', 'head.dpt.scratch.refinenet4.out_conv.bias', 'head.dpt.scratch.refinenet4.resConfUnit1.conv1.weight', 'head.dpt.scratch.refinenet4.resConfUnit1.conv1.bias', 'head.dpt.scratch.refinenet4.resConfUnit1.conv2.weight', 'head.dpt.scratch.refinenet4.resConfUnit1.conv2.bias', 'head.dpt.scratch.refinenet4.resConfUnit2.conv1.weight', 'head.dpt.scratch.refinenet4.resConfUnit2.conv1.bias', 'head.dpt.scratch.refinenet4.resConfUnit2.conv2.weight', 'head.dpt.scratch.refinenet4.resConfUnit2.conv2.bias', 'head.dpt.head.0.weight', 'head.dpt.head.0.bias', 'head.dpt.head.2.weight', 'head.dpt.head.2.bias', 'head.dpt.head.4.weight', 'head.dpt.head.4.bias', 'head.dpt.act_1_postprocess.0.weight', 'head.dpt.act_1_postprocess.0.bias', 'head.dpt.act_1_postprocess.1.weight', 'head.dpt.act_1_postprocess.1.bias', 'head.dpt.act_2_postprocess.0.weight', 'head.dpt.act_2_postprocess.0.bias', 'head.dpt.act_2_postprocess.1.weight', 'head.dpt.act_2_postprocess.1.bias', 'head.dpt.act_3_postprocess.0.weight', 'head.dpt.act_3_postprocess.0.bias', 'head.dpt.act_4_postprocess.0.weight', 'head.dpt.act_4_postprocess.0.bias', 'head.dpt.act_4_postprocess.1.weight', 'head.dpt.act_4_postprocess.1.bias', 'head.dpt.act_postprocess.0.0.weight', 'head.dpt.act_postprocess.0.0.bias', 'head.dpt.act_postprocess.0.1.weight', 'head.dpt.act_postprocess.0.1.bias', 'head.dpt.act_postprocess.1.0.weight', 'head.dpt.act_postprocess.1.0.bias', 'head.dpt.act_postprocess.1.1.weight', 'head.dpt.act_postprocess.1.1.bias', 'head.dpt.act_postprocess.2.0.weight', 'head.dpt.act_postprocess.2.0.bias', 'head.dpt.act_postprocess.3.0.weight', 'head.dpt.act_postprocess.3.0.bias', 'head.dpt.act_postprocess.3.1.weight', 'head.dpt.act_postprocess.3.1.bias'], unexpected_keys=[])
[23:20:40.265913] Total params: 41104195
[23:20:40.265948] Total params trainable: 41104195
[23:20:40.312344] lr: 2.00e-05
[23:20:40.312396] accumulate grad iterations: 1
[23:20:40.312411] effective batch size: 32
[23:20:40.322018] Param groups = {
  "decay": {
    "weight_decay": 0.05,
    "params": [
      "_register_tokens",
      "_patch_embed.proj.weight",
      "_encoder_blocks.0.attn.qkv.weight",
      "_encoder_blocks.0.attn.proj.weight",
      "_encoder_blocks.0.mlp.fc1.weight",
      "_encoder_blocks.0.mlp.fc2.weight",
      "_encoder_blocks.1.attn.qkv.weight",
      "_encoder_blocks.1.attn.proj.weight",
      "_encoder_blocks.1.mlp.fc1.weight",
      "_encoder_blocks.1.mlp.fc2.weight",
      "_encoder_blocks.2.attn.qkv.weight",
      "_encoder_blocks.2.attn.proj.weight",
      "_encoder_blocks.2.mlp.fc1.weight",
      "_encoder_blocks.2.mlp.fc2.weight",
      "_encoder_blocks.3.attn.qkv.weight",
      "_encoder_blocks.3.attn.proj.weight",
      "_encoder_blocks.3.mlp.fc1.weight",
      "_encoder_blocks.3.mlp.fc2.weight",
      "_encoder_blocks.4.attn.qkv.weight",
      "_encoder_blocks.4.attn.proj.weight",
      "_encoder_blocks.4.mlp.fc1.weight",
      "_encoder_blocks.4.mlp.fc2.weight",
      "_encoder_blocks.5.attn.qkv.weight",
      "_encoder_blocks.5.attn.proj.weight",
      "_encoder_blocks.5.mlp.fc1.weight",
      "_encoder_blocks.5.mlp.fc2.weight",
      "_encoder_blocks.6.attn.qkv.weight",
      "_encoder_blocks.6.attn.proj.weight",
      "_encoder_blocks.6.mlp.fc1.weight",
      "_encoder_blocks.6.mlp.fc2.weight",
      "_encoder_blocks.7.attn.qkv.weight",
      "_encoder_blocks.7.attn.proj.weight",
      "_encoder_blocks.7.mlp.fc1.weight",
      "_encoder_blocks.7.mlp.fc2.weight",
      "_encoder_blocks.8.attn.qkv.weight",
      "_encoder_blocks.8.attn.proj.weight",
      "_encoder_blocks.8.mlp.fc1.weight",
      "_encoder_blocks.8.mlp.fc2.weight",
      "_encoder_blocks.9.attn.qkv.weight",
      "_encoder_blocks.9.attn.proj.weight",
      "_encoder_blocks.9.mlp.fc1.weight",
      "_encoder_blocks.9.mlp.fc2.weight",
      "_encoder_blocks.10.attn.qkv.weight",
      "_encoder_blocks.10.attn.proj.weight",
      "_encoder_blocks.10.mlp.fc1.weight",
      "_encoder_blocks.10.mlp.fc2.weight",
      "_encoder_blocks.11.attn.qkv.weight",
      "_encoder_blocks.11.attn.proj.weight",
      "_encoder_blocks.11.mlp.fc1.weight",
      "_encoder_blocks.11.mlp.fc2.weight",
      "head.dpt.scratch.layer1_rn.weight",
      "head.dpt.scratch.layer2_rn.weight",
      "head.dpt.scratch.layer3_rn.weight",
      "head.dpt.scratch.layer4_rn.weight",
      "head.dpt.scratch.refinenet1.out_conv.weight",
      "head.dpt.scratch.refinenet1.resConfUnit1.conv1.weight",
      "head.dpt.scratch.refinenet1.resConfUnit1.conv2.weight",
      "head.dpt.scratch.refinenet1.resConfUnit2.conv1.weight",
      "head.dpt.scratch.refinenet1.resConfUnit2.conv2.weight",
      "head.dpt.scratch.refinenet2.out_conv.weight",
      "head.dpt.scratch.refinenet2.resConfUnit1.conv1.weight",
      "head.dpt.scratch.refinenet2.resConfUnit1.conv2.weight",
      "head.dpt.scratch.refinenet2.resConfUnit2.conv1.weight",
      "head.dpt.scratch.refinenet2.resConfUnit2.conv2.weight",
      "head.dpt.scratch.refinenet3.out_conv.weight",
      "head.dpt.scratch.refinenet3.resConfUnit1.conv1.weight",
      "head.dpt.scratch.refinenet3.resConfUnit1.conv2.weight",
      "head.dpt.scratch.refinenet3.resConfUnit2.conv1.weight",
      "head.dpt.scratch.refinenet3.resConfUnit2.conv2.weight",
      "head.dpt.scratch.refinenet4.out_conv.weight",
      "head.dpt.scratch.refinenet4.resConfUnit1.conv1.weight",
      "head.dpt.scratch.refinenet4.resConfUnit1.conv2.weight",
      "head.dpt.scratch.refinenet4.resConfUnit2.conv1.weight",
      "head.dpt.scratch.refinenet4.resConfUnit2.conv2.weight",
      "head.dpt.head.0.weight",
      "head.dpt.head.2.weight",
      "head.dpt.head.4.weight",
      "head.dpt.act_1_postprocess.0.weight",
      "head.dpt.act_1_postprocess.1.weight",
      "head.dpt.act_2_postprocess.0.weight",
      "head.dpt.act_2_postprocess.1.weight",
      "head.dpt.act_3_postprocess.0.weight",
      "head.dpt.act_4_postprocess.0.weight",
      "head.dpt.act_4_postprocess.1.weight"
    ],
    "lr_scale": 1.0
  },
  "no_decay": {
    "weight_decay": 0.0,
    "params": [
      "_patch_embed.proj.bias",
      "_encoder_blocks.0.norm1.weight",
      "_encoder_blocks.0.norm1.bias",
      "_encoder_blocks.0.attn.qkv.bias",
      "_encoder_blocks.0.attn.proj.bias",
      "_encoder_blocks.0.norm2.weight",
      "_encoder_blocks.0.norm2.bias",
      "_encoder_blocks.0.mlp.fc1.bias",
      "_encoder_blocks.0.mlp.fc2.bias",
      "_encoder_blocks.1.norm1.weight",
      "_encoder_blocks.1.norm1.bias",
      "_encoder_blocks.1.attn.qkv.bias",
      "_encoder_blocks.1.attn.proj.bias",
      "_encoder_blocks.1.norm2.weight",
      "_encoder_blocks.1.norm2.bias",
      "_encoder_blocks.1.mlp.fc1.bias",
      "_encoder_blocks.1.mlp.fc2.bias",
      "_encoder_blocks.2.norm1.weight",
      "_encoder_blocks.2.norm1.bias",
      "_encoder_blocks.2.attn.qkv.bias",
      "_encoder_blocks.2.attn.proj.bias",
      "_encoder_blocks.2.norm2.weight",
      "_encoder_blocks.2.norm2.bias",
      "_encoder_blocks.2.mlp.fc1.bias",
      "_encoder_blocks.2.mlp.fc2.bias",
      "_encoder_blocks.3.norm1.weight",
      "_encoder_blocks.3.norm1.bias",
      "_encoder_blocks.3.attn.qkv.bias",
      "_encoder_blocks.3.attn.proj.bias",
      "_encoder_blocks.3.norm2.weight",
      "_encoder_blocks.3.norm2.bias",
      "_encoder_blocks.3.mlp.fc1.bias",
      "_encoder_blocks.3.mlp.fc2.bias",
      "_encoder_blocks.4.norm1.weight",
      "_encoder_blocks.4.norm1.bias",
      "_encoder_blocks.4.attn.qkv.bias",
      "_encoder_blocks.4.attn.proj.bias",
      "_encoder_blocks.4.norm2.weight",
      "_encoder_blocks.4.norm2.bias",
      "_encoder_blocks.4.mlp.fc1.bias",
      "_encoder_blocks.4.mlp.fc2.bias",
      "_encoder_blocks.5.norm1.weight",
      "_encoder_blocks.5.norm1.bias",
      "_encoder_blocks.5.attn.qkv.bias",
      "_encoder_blocks.5.attn.proj.bias",
      "_encoder_blocks.5.norm2.weight",
      "_encoder_blocks.5.norm2.bias",
      "_encoder_blocks.5.mlp.fc1.bias",
      "_encoder_blocks.5.mlp.fc2.bias",
      "_encoder_blocks.6.norm1.weight",
      "_encoder_blocks.6.norm1.bias",
      "_encoder_blocks.6.attn.qkv.bias",
      "_encoder_blocks.6.attn.proj.bias",
      "_encoder_blocks.6.norm2.weight",
      "_encoder_blocks.6.norm2.bias",
      "_encoder_blocks.6.mlp.fc1.bias",
      "_encoder_blocks.6.mlp.fc2.bias",
      "_encoder_blocks.7.norm1.weight",
      "_encoder_blocks.7.norm1.bias",
      "_encoder_blocks.7.attn.qkv.bias",
      "_encoder_blocks.7.attn.proj.bias",
      "_encoder_blocks.7.norm2.weight",
      "_encoder_blocks.7.norm2.bias",
      "_encoder_blocks.7.mlp.fc1.bias",
      "_encoder_blocks.7.mlp.fc2.bias",
      "_encoder_blocks.8.norm1.weight",
      "_encoder_blocks.8.norm1.bias",
      "_encoder_blocks.8.attn.qkv.bias",
      "_encoder_blocks.8.attn.proj.bias",
      "_encoder_blocks.8.norm2.weight",
      "_encoder_blocks.8.norm2.bias",
      "_encoder_blocks.8.mlp.fc1.bias",
      "_encoder_blocks.8.mlp.fc2.bias",
      "_encoder_blocks.9.norm1.weight",
      "_encoder_blocks.9.norm1.bias",
      "_encoder_blocks.9.attn.qkv.bias",
      "_encoder_blocks.9.attn.proj.bias",
      "_encoder_blocks.9.norm2.weight",
      "_encoder_blocks.9.norm2.bias",
      "_encoder_blocks.9.mlp.fc1.bias",
      "_encoder_blocks.9.mlp.fc2.bias",
      "_encoder_blocks.10.norm1.weight",
      "_encoder_blocks.10.norm1.bias",
      "_encoder_blocks.10.attn.qkv.bias",
      "_encoder_blocks.10.attn.proj.bias",
      "_encoder_blocks.10.norm2.weight",
      "_encoder_blocks.10.norm2.bias",
      "_encoder_blocks.10.mlp.fc1.bias",
      "_encoder_blocks.10.mlp.fc2.bias",
      "_encoder_blocks.11.norm1.weight",
      "_encoder_blocks.11.norm1.bias",
      "_encoder_blocks.11.attn.qkv.bias",
      "_encoder_blocks.11.attn.proj.bias",
      "_encoder_blocks.11.norm2.weight",
      "_encoder_blocks.11.norm2.bias",
      "_encoder_blocks.11.mlp.fc1.bias",
      "_encoder_blocks.11.mlp.fc2.bias",
      "_enc_norm.weight",
      "_enc_norm.bias",
      "head.dpt.scratch.refinenet1.out_conv.bias",
      "head.dpt.scratch.refinenet1.resConfUnit1.conv1.bias",
      "head.dpt.scratch.refinenet1.resConfUnit1.conv2.bias",
      "head.dpt.scratch.refinenet1.resConfUnit2.conv1.bias",
      "head.dpt.scratch.refinenet1.resConfUnit2.conv2.bias",
      "head.dpt.scratch.refinenet2.out_conv.bias",
      "head.dpt.scratch.refinenet2.resConfUnit1.conv1.bias",
      "head.dpt.scratch.refinenet2.resConfUnit1.conv2.bias",
      "head.dpt.scratch.refinenet2.resConfUnit2.conv1.bias",
      "head.dpt.scratch.refinenet2.resConfUnit2.conv2.bias",
      "head.dpt.scratch.refinenet3.out_conv.bias",
      "head.dpt.scratch.refinenet3.resConfUnit1.conv1.bias",
      "head.dpt.scratch.refinenet3.resConfUnit1.conv2.bias",
      "head.dpt.scratch.refinenet3.resConfUnit2.conv1.bias",
      "head.dpt.scratch.refinenet3.resConfUnit2.conv2.bias",
      "head.dpt.scratch.refinenet4.out_conv.bias",
      "head.dpt.scratch.refinenet4.resConfUnit1.conv1.bias",
      "head.dpt.scratch.refinenet4.resConfUnit1.conv2.bias",
      "head.dpt.scratch.refinenet4.resConfUnit2.conv1.bias",
      "head.dpt.scratch.refinenet4.resConfUnit2.conv2.bias",
      "head.dpt.head.0.bias",
      "head.dpt.head.2.bias",
      "head.dpt.head.4.bias",
      "head.dpt.act_1_postprocess.0.bias",
      "head.dpt.act_1_postprocess.1.bias",
      "head.dpt.act_2_postprocess.0.bias",
      "head.dpt.act_2_postprocess.1.bias",
      "head.dpt.act_3_postprocess.0.bias",
      "head.dpt.act_4_postprocess.0.bias",
      "head.dpt.act_4_postprocess.1.bias"
    ],
    "lr_scale": 1.0
  }
}
[23:20:40.322390] AdamW (
Parameter Group 0
    amsgrad: False
    betas: (0.9, 0.95)
    capturable: False
    differentiable: False
    eps: 1e-08
    foreach: None
    fused: None
    lr: 2e-05
    lr_scale: 1.0
    maximize: False
    weight_decay: 0.05

Parameter Group 1
    amsgrad: False
    betas: (0.9, 0.95)
    capturable: False
    differentiable: False
    eps: 1e-08
    foreach: None
    fused: None
    lr: 2e-05
    lr_scale: 1.0
    maximize: False
    weight_decay: 0.0
)
